You are now connected to database "nc_games_test" as user "jan".
 review_id |                        title                         |     category     |        designer        |      owner      |                                                                                                                                                                                                                                                                                                                                                                                                 review_body                                                                                                                                                                                                                                                                                                                                                                                                 |                                                 review_img_url                                                  |       created_at        | votes | comment_count 
-----------+------------------------------------------------------+------------------+------------------------+-----------------+-------------------------------------------------------------------------------------------------------------------------------------------------------------------------------------------------------------------------------------------------------------------------------------------------------------------------------------------------------------------------------------------------------------------------------------------------------------------------------------------------------------------------------------------------------------------------------------------------------------------------------------------------------------------------------------------------------------------------------------------------------------------------------------------------------------+-----------------------------------------------------------------------------------------------------------------+-------------------------+-------+---------------
         7 | Mollit elit qui incididunt veniam occaecat cupidatat | social deduction | Avery Wunzboogerz      | mallionaire     | Consectetur incididunt aliquip sunt officia. Magna ex nulla consectetur laboris incididunt ea non qui. Enim id eiusmod irure dolor ipsum in tempor consequat amet ullamco. Occaecat fugiat sint fugiat mollit consequat pariatur consequat non exercitation dolore. Labore occaecat in magna commodo anim enim eiusmod eu pariatur ad duis magna. Voluptate ad et dolore ullamco anim sunt do. Qui exercitation tempor in in minim ullamco fugiat ipsum. Duis irure voluptate cupidatat do id mollit veniam culpa. Velit deserunt exercitation amet laborum nostrud dolore in occaecat minim amet nostrud sunt in. Veniam ut aliqua incididunt commodo sint in anim duis id commodo voluptate sit quis.                                                                                                     | https://images.pexels.com/photos/278888/pexels-photo-278888.jpeg?auto=compress&cs=tinysrgb&dpr=2&h=750&w=1260   | 2021-01-25 11:16:54.963 |     9 |             0
         4 | Dolor reprehenderit                                  | social deduction | Gamey McGameface       | mallionaire     | Consequat velit occaecat voluptate do. Dolor pariatur fugiat sint et proident ex do consequat est. Nisi minim laboris mollit cupidatat et adipisicing laborum do. Sint sit tempor officia pariatur duis ullamco labore ipsum nisi voluptate nulla eu veniam. Et do ad id dolore id cillum non non culpa. Cillum mollit dolor dolore excepteur aliquip. Cillum aliquip quis aute enim anim ex laborum officia. Aliqua magna elit reprehenderit Lorem elit non laboris irure qui aliquip ad proident. Qui enim mollit Lorem labore eiusmod                                                                                                                                                                                                                                                                    | https://images.pexels.com/photos/278918/pexels-photo-278918.jpeg?auto=compress&cs=tinysrgb&dpr=2&h=750&w=1260   | 2021-01-22 11:35:50.936 |     7 |             0
        12 | Scythe; you're gonna need a bigger table!            | social deduction | Jamey Stegmaier        | mallionaire     | Spend 30 minutes just setting up all of the boards (!) meeple and decks, just to forget how to play. Scythe can be a lengthy game but really packs a punch if you put the time in. With beautiful artwork, countless scenarios and clever game mechanics, this board game is a must for any board game fanatic; just make sure you explain ALL the rules before you start playing with first timers or you may find they bring it up again and again.                                                                                                                                                                                                                                                                                                                                                       | https://images.pexels.com/photos/163064/play-stone-network-networked-interactive-163064.jpeg                    | 2021-01-22 10:37:04.839 |   100 |             0
        10 | Build you own tour de Yorkshire                      | social deduction | Asger Harding Granerud | mallionaire     | Cold rain pours on the faces of your team of cyclists, you pulled to the front of the pack early and now your taking on exhaustion cards like there is not tomorrow, you think there are about 2 hands left until you cross the finish line, will you draw enough from your deck to cross before the other team shoot passed? Flamee Rouge is a Racing deck management game where you carefully manage your deck in order to cross the line before your opponents, cyclist can fall slyly behind front runners in their slipstreams to save precious energy for the prefect moment to burst into the lead                                                                                                                                                                                                   | https://images.pexels.com/photos/258045/pexels-photo-258045.jpeg?auto=compress&cs=tinysrgb&dpr=2&h=750&w=1260   | 2021-01-18 10:01:41.251 |    10 |             0
         3 | Ultimate Werewolf                                    | social deduction | Akihisa Okui           | bainesface      | We couldn't find the werewolf!                                                                                                                                                                                                                                                                                                                                                                                                                                                                                                                                                                                                                                                                                                                                                                              | https://www.golenbock.com/wp-content/uploads/2015/01/placeholder-user.png                                       | 2021-01-18 10:01:41.251 |     5 |             3
         2 | Jenga                                                | dexterity        | Leslie Scott           | philippaclaire9 | Fiddly fun for all the family                                                                                                                                                                                                                                                                                                                                                                                                                                                                                                                                                                                                                                                                                                                                                                               | https://www.golenbock.com/wp-content/uploads/2015/01/placeholder-user.png                                       | 2021-01-18 10:01:41.251 |     5 |             3
         9 | A truly Quacking Game; Quacks of Quedlinburg         | social deduction | Wolfgang Warsch        | mallionaire     | Ever wish you could try your hand at mixing potions? Quacks of Quedlinburg will have you mixing up a homebrew like no other. Each player buys different ingredients (chips) that are drawn at random to reach the most points, but watch out, you'd better not let your cauldrom explode.                                                                                                                                                                                                                                                                                                                                                                                                                                                                                                                   | https://images.pexels.com/photos/163064/play-stone-network-networked-interactive-163064.jpeg                    | 2021-01-18 10:01:41.251 |    10 |             0
        11 | That's just what an evil person would say!           | social deduction | Fiona Lohoar           | mallionaire     | If you've ever wanted to accuse your siblings, cousins or friends of being part of a plot to murder everyone whilst secretly choosing which one of them should get the chop next - this is the boardgame for you. Buyer beware: once you gain a reputation for being able to lie with a stone face about being the secret killer you may never lose it.                                                                                                                                                                                                                                                                                                                                                                                                                                                     | https://images.pexels.com/photos/163064/play-stone-network-networked-interactive-163064.jpeg                    | 2021-01-18 10:01:41.251 |     8 |             0
         8 | One Night Ultimate Werewolf                          | social deduction | Akihisa Okui           | mallionaire     | We couldn't find the werewolf!                                                                                                                                                                                                                                                                                                                                                                                                                                                                                                                                                                                                                                                                                                                                                                              | https://images.pexels.com/photos/5350049/pexels-photo-5350049.jpeg?auto=compress&cs=tinysrgb&dpr=2&h=750&w=1260 | 2021-01-18 10:01:41.251 |     5 |             0
         1 | Agricola                                             | euro game        | Uwe Rosenberg          | mallionaire     | Farmyard fun!                                                                                                                                                                                                                                                                                                                                                                                                                                                                                                                                                                                                                                                                                                                                                                                               | https://www.golenbock.com/wp-content/uploads/2015/01/placeholder-user.png                                       | 2021-01-18 10:00:20.514 |     1 |             0
         5 | Proident tempor et.                                  | social deduction | Seymour Buttz          | mallionaire     | Labore occaecat sunt qui commodo anim anim aliqua adipisicing aliquip fugiat. Ad in ipsum incididunt esse amet deserunt aliqua exercitation occaecat nostrud irure labore ipsum. Culpa tempor non voluptate reprehenderit deserunt pariatur cupidatat aliqua adipisicing. Nostrud labore dolor fugiat sint consequat excepteur dolore irure eu. Anim ex adipisicing magna deserunt enim fugiat do nulla officia sint. Ex tempor ut aliquip exercitation eiusmod. Excepteur deserunt officia voluptate sunt aliqua esse deserunt velit. In id non proident veniam ipsum id in consequat duis ipsum et incididunt. Qui cupidatat ea deserunt magna proident nisi nulla eiusmod aliquip magna deserunt fugiat fugiat incididunt. Laboris nisi velit mollit ullamco deserunt eiusmod deserunt ea dolore veniam. | https://images.pexels.com/photos/163064/play-stone-network-networked-interactive-163064.jpeg                    | 2021-01-07 09:06:08.077 |     5 |             0
         6 | Occaecat consequat officia in quis commodo.          | social deduction | Ollie Tabooger         | mallionaire     | Fugiat fugiat enim officia laborum quis. Aliquip laboris non nulla nostrud magna exercitation in ullamco aute laborum cillum nisi sint. Culpa excepteur aute cillum minim magna fugiat culpa adipisicing eiusmod laborum ipsum fugiat quis. Mollit consectetur amet sunt ex amet tempor magna consequat dolore cillum adipisicing. Proident est sunt amet ipsum magna proident fugiat deserunt mollit officia magna ea pariatur. Ullamco proident in nostrud pariatur. Minim consequat pariatur id pariatur adipisicing.                                                                                                                                                                                                                                                                                    | https://images.pexels.com/photos/278918/pexels-photo-278918.jpeg?auto=compress&cs=tinysrgb&dpr=2&h=750&w=1260   | 2020-09-13 15:19:28.077 |     8 |             0
        13 | Settlers of Catan: Don't Settle For Less             | social deduction | Klaus Teuber           | mallionaire     | You have stumbled across an uncharted island rich in natural resources, but you are not alone; other adventurers have come ashore too, and the race to settle the island of Catan has begun! Whether you exert military force, build a road to rival the Great Wall, trade goods with ships from the outside world, or some combination of all three, the aim is the same: to dominate the island. Will you prevail? Proceed strategically, trade wisely, and may the odds be in favour.                                                                                                                                                                                                                                                                                                                    | https://images.pexels.com/photos/163064/play-stone-network-networked-interactive-163064.jpeg                    | 1970-01-10 03:08:38.4   |    16 |             0
(13 rows)

